// Jest Snapshot v1, https://goo.gl/fbAQLP

exports[`/status GET return 200 1`] = `
Object {
  "works": false,
}
`;
